C:\Users\Chit\AppData\Local\Android\sdk


Android SDK was installed to C:\Users\Chit\AppData\Local\Android\sdk
Android SDK is up to date.
Creating Android virtual device
Android virtual device Nexus_5_API_21_x86 was successfully created

C:\Program Files\Android\Android Studio\bin

https://developer.android.com/training/basics/intents/result.html

    compile 'com.squareup.okhttp:okhttp-urlconnection:2.0.0'
    compile 'com.squareup.okhttp:okhttp:2.0.0'
	
	
	https://spring.io/guides/gs/gradle-android/
	
	http://stackoverflow.com/questions/2169294/how-to-add-manifest-permission-to-android-application
	http://stackoverflow.com/questions/2206822/no-internet-on-android-emulator-why-and-how-to-fix
	https://spring.io/guides/gs/gradle-android/
	https://github.com/square/retrofit/blob/master/samples/github-client/src/main/java/com/example/retrofit/GitHubClient.java
	http://square.github.io/retrofit/
	https://developer.android.com/training/basics/intents/result.html
	
	
To access these settings, open the Developer options in the system Settings. On Android 4.2 and higher, the Developer options screen is hidden by default. To make it visible, go to Settings > About phone and tap Build number seven times. Return to the previous screen to find Developer options at the bottom.


driver

http://www.samsung.com/us/support/owners/product/SM-T217SZKASPR


C:\Users\Chit\AppData\Local\Android\sdk\platform-tools>
C:\Users\Chit\AppData\Local\Android\sdk\platform-tools>adb.exe devices
List of devices attached
1dab97a6        device


C:\Users\Chit\AppData\Local\Android\sdk\platform-tools>

http://developer.android.com/tools/device.html


--------------------------

installing to app
http://stackoverflow.com/questions/16622843/how-do-i-export-a-project-in-the-android-studio

C:\Users\Chit\AndroidStudioProjects\MyApplication2\app
	
	
	http://stackoverflow.com/questions/7076240/install-an-apk-file-from-command-prompt

	adb -s emulator-5554 install myapp.apk

C:\Users\Chit\AndroidStudioProjects\MyApplication2\app>adb devices
List of devices attached
1dab97a6        device

C:\Users\Chit\AndroidStudioProjects\MyApplication2\app>adb install app-release.a
pk
5131 KB/s (1399515 bytes in 0.266s)
        pkg: /data/local/tmp/app-release.apk
Failure [INSTALL_FAILED_ALREADY_EXISTS]

C:\Users\Chit\AndroidStudioProjects\MyApplication2\app>

after unstallling 


C:\Users\Chit\AndroidStudioProjects\MyApplication2\app>adb install app-release.a
pk
5138 KB/s (1399515 bytes in 0.265s)
        pkg: /data/local/tmp/app-release.apk
Failure [INSTALL_FAILED_ALREADY_EXISTS]

C:\Users\Chit\AndroidStudioProjects\MyApplication2\app>


C:\Users\Chit\AndroidStudioProjects\MyApplication2\app>adb install -r app-releas
e.apk
5890 KB/s (1399515 bytes in 0.232s)
        pkg: /data/local/tmp/app-release.apk
Failure [INSTALL_PARSE_FAILED_INCONSISTENT_CERTIFICATES]

C:\Users\Chit\AndroidStudioProjects\MyApplication2\app>

adb uninstall com.example.testproj

adb uninstall com.example.chit.myapplication

C:\Users\Chit\AndroidStudioProjects\MyApplication2>adb uninstall com.example.chi
t.myapplication
Success

C:\Users\Chit\AndroidStudioProjects\MyApplication2>adb uninstall com.example.chi
t.myapplication
Failure

C:\Users\Chit\AndroidStudioProjects\MyApplication2>

http://www.lombard.me/2013/09/how-to-fix-install-parse-failed.html


C:\Users\Chit\AndroidStudioProjects\MyApplication2\app>adb install -r app-releas
e.apk
4842 KB/s (1399515 bytes in 0.282s)
        pkg: /data/local/tmp/app-release.apk
Success

C:\Users\Chit\AndroidStudioProjects\MyApplication2\app>


-----------------------------


threading issue

http://stackoverflow.com/questions/19266553/android-caused-by-android-os-networkonmainthreadexception

http://developer.android.com/reference/android/os/AsyncTask.html

http://android-developers.blogspot.in/2009/05/painless-threading.html

http://developer.android.com/reference/android/os/AsyncTask.html


------------------------

table setup


http://www.learn-android-easily.com/2013/05/table-layout-in-android.html

-----------------------
text to speech

http://www.tutorialspoint.com/android/android_text_to_speech.htm

http://code.tutsplus.com/tutorials/android-sdk-using-the-text-to-speech-engine--mobile-8540

------------------------------------------

handle button click

http://stackoverflow.com/questions/3320115/android-onclicklistener-identify-a-button


You will learn the way to do it, in an easy way, is:

public class Mtest extends Activity {
  Button b1;
  Button b2;
  public void onCreate(Bundle savedInstanceState) {
    ...
    b1 = (Button) findViewById(R.id.b1);
    b2 = (Button) findViewById(R.id.b2);
    b1.setOnClickListener(myhandler1);
    b2.setOnClickListener(myhandler2);
    ...
  }
  View.OnClickListener myhandler1 = new View.OnClickListener() {
    public void onClick(View v) {
      // it was the 1st button
    }
  };
  View.OnClickListener myhandler2 = new View.OnClickListener() {
    public void onClick(View v) {
      // it was the 2nd button
    }
  };
}
Or, if you are working with just one clicklistener, you can do:

View.OnClickListener myOnlyhandler = new View.OnClickListener() {
  public void onClick(View v) {
      switch(v.getId()) {
        case R.id.b1:
          // it was the first button
          break;
        case R.id.b2:
          // it was the second button
          break;
      }
  }
}

---------------------------------


spynhx

http://cmusphinx.sourceforge.net/wiki/tutorialandroid
https://sites.google.com/site/opiatefuchs/home/pocketsphinxandroiddemo

Android Speech To Text Tutorial

http://www.androidhive.info/2014/07/android-speech-to-text-tutorial/
http://www.tutorialspoint.com/android/android_text_to_speech.htm
http://www.learn-android-easily.com/2013/05/table-layout-in-android.html
http://developer.android.com/reference/android/widget/TableLayout.html
http://android-developers.blogspot.in/2009/05/painless-threading.html

https://developer.android.com/training/basics/actionbar/adding-buttons.html
------------------------

MainActivity.java
package info.androidhive.speechtotext;
 
import java.util.ArrayList;
import java.util.Locale;
 
import android.app.Activity;
import android.content.ActivityNotFoundException;
import android.content.Intent;
import android.os.Bundle;
import android.speech.RecognizerIntent;
import android.view.Menu;
import android.view.View;
import android.widget.ImageButton;
import android.widget.TextView;
import android.widget.Toast;
 
public class MainActivity extends Activity {
 
    private TextView txtSpeechInput;
    private ImageButton btnSpeak;
    private final int REQ_CODE_SPEECH_INPUT = 100;
 
    @Override
    protected void onCreate(Bundle savedInstanceState) {
        super.onCreate(savedInstanceState);
        setContentView(R.layout.activity_main);
 
        txtSpeechInput = (TextView) findViewById(R.id.txtSpeechInput);
        btnSpeak = (ImageButton) findViewById(R.id.btnSpeak);
 
        // hide the action bar
        getActionBar().hide();
 
        btnSpeak.setOnClickListener(new View.OnClickListener() {
 
            @Override
            public void onClick(View v) {
                promptSpeechInput();
            }
        });
 
    }
 
    /**
     * Showing google speech input dialog
     * */
    private void promptSpeechInput() {
        Intent intent = new Intent(RecognizerIntent.ACTION_RECOGNIZE_SPEECH);
        intent.putExtra(RecognizerIntent.EXTRA_LANGUAGE_MODEL,
                RecognizerIntent.LANGUAGE_MODEL_FREE_FORM);
        intent.putExtra(RecognizerIntent.EXTRA_LANGUAGE, Locale.getDefault());
        intent.putExtra(RecognizerIntent.EXTRA_PROMPT,
                getString(R.string.speech_prompt));
        try {
            startActivityForResult(intent, REQ_CODE_SPEECH_INPUT);
        } catch (ActivityNotFoundException a) {
            Toast.makeText(getApplicationContext(),
                    getString(R.string.speech_not_supported),
                    Toast.LENGTH_SHORT).show();
        }
    }
 
    /**
     * Receiving speech input
     * */
    @Override
    protected void onActivityResult(int requestCode, int resultCode, Intent data) {
        super.onActivityResult(requestCode, resultCode, data);
 
        switch (requestCode) {
        case REQ_CODE_SPEECH_INPUT: {
            if (resultCode == RESULT_OK && null != data) {
 
                ArrayList<String> result = data
                        .getStringArrayListExtra(RecognizerIntent.EXTRA_RESULTS);
                txtSpeechInput.setText(result.get(0));
            }
            break;
        }
 
        }
    }
 
    @Override
    public boolean onCreateOptionsMenu(Menu menu) {
        // Inflate the menu; this adds items to the action bar if it is present.
        getMenuInflater().inflate(R.menu.main, menu);
        return true;
    }
 
}

activity_main.xml
<RelativeLayout xmlns:android="http://schemas.android.com/apk/res/android"
    xmlns:tools="http://schemas.android.com/tools"
    android:layout_width="match_parent"
    android:layout_height="match_parent"
    android:background="@drawable/bg_gradient"
    android:orientation="vertical" >
 
    <TextView
        android:id="@+id/txtSpeechInput"
        android:layout_width="wrap_content"
        android:layout_height="wrap_content"
        android:layout_alignParentTop="true"
        android:layout_centerHorizontal="true"
        android:layout_marginTop="100dp"
        android:textColor="@color/white"
        android:textSize="26dp"
        android:textStyle="normal" />
 
    <LinearLayout
        android:layout_width="wrap_content"
        android:layout_height="wrap_content"
        android:layout_alignParentBottom="true"
        android:layout_centerHorizontal="true"
        android:layout_marginBottom="60dp"
        android:gravity="center"
        android:orientation="vertical" >
 
        <ImageButton
            android:id="@+id/btnSpeak"
            android:layout_width="wrap_content"
            android:layout_height="wrap_content"
            android:background="@null"
            android:src="@drawable/ico_mic" />
 
        <TextView
            android:layout_width="wrap_content"
            android:layout_height="wrap_content"
            android:layout_marginTop="10dp"
            android:text="@string/tap_on_mic"
            android:textColor="@color/white"
            android:textSize="15dp"
            android:textStyle="normal" />
    </LinearLayout>
 
</RelativeLayout>

colors.xml
<?xml version="1.0" encoding="utf-8"?>
<resources>
    <color name="white">#ffffff</color>
    <color name="bg_gradient_start">#31244e</color>
    <color name="bg_gradient_end">#6b394c</color>
</resources>

strings.xml
<?xml version="1.0" encoding="utf-8"?>
<resources>
    <string name="app_name">Speech To Text</string>
    <string name="action_settings">Settings</string>
    <string name="hello_world">Hello world!</string>
    <string name="speech_prompt">Say something&#8230;</string>
    <string name="speech_not_supported">Sorry! Your device doesn\'t support speech input</string>
    <string name="tap_on_mic">Tap on mic to speak</string>
</resources>

==============================================================================================

http://www.androidhive.info/2014/07/android-speech-to-text-tutorial/
check off line mode speech recognition


